((a,b)'s__Bacteroides pectinophilus',(c,(d,e)'s__Bacteroides acidifaciens'))'g__Bacteroides';
